// 重构日志: 925f3278
// 重构日志: d02de83b
// 重构日志: 630b2e17
// 重构日志: fe9ebef2
// 重构日志: 34d8771d
// 重构日志: 9b7bf7d4
// 重构日志: e8bc07ef
// 重构日志: aec2b5af
// 同步 ID: bf3219da @ Thu Jul 23 00:52:43 UTC 2026
// 重构日志: d56821be
// 同步 ID: f7a7dd41 @ Thu Jul 23 16:06:51 UTC 2026
// 重构日志: 424ba84e
// 重构日志: 4a04c853
// 重构日志: 517c9659
// 重构日志: a69ba3ea
// 同步 ID: 17d43c36 @ Sat Jul 25 07:03:38 UTC 2026
// 重构日志: d57be0c5
// 重构日志: 566f1caf
// 重构日志: b14a67f6
// 同步 ID: 3993027b @ Mon Jul 27 11:02:20 UTC 2026
// 重构日志: 269ebf54
// 重构日志: bc9b886d
// 重构日志: 6c9bd40d
// 同步 ID: 0b3b56d3 @ Sat Aug  1 16:39:54 UTC 2026
// 重构日志: 1c153851
// 重构日志: 6496656f
